  Game.cpp
C:\Users\branden\source\C++\SFMLAttempt3\SMFLAttempt3\Game.cpp(100,65): warning C4244: 'argument': conversion from 'unsigned int' to 'T', possible loss of data
          with
          [
              T=float
          ]
C:\Users\branden\source\C++\SFMLAttempt3\SMFLAttempt3\Game.cpp(100,47): warning C4244: 'argument': conversion from 'unsigned int' to 'T', possible loss of data
          with
          [
              T=float
          ]
C:\Users\branden\source\C++\SFMLAttempt3\SMFLAttempt3\Game.cpp(163,71): warning C4244: 'argument': conversion from 'int' to 'float', possible loss of data
C:\Users\branden\source\C++\SFMLAttempt3\SMFLAttempt3\Game.cpp(163,50): warning C4244: 'argument': conversion from 'int' to 'float', possible loss of data
C:\Users\branden\source\C++\SFMLAttempt3\SMFLAttempt3\Game.cpp(179,77): warning C4244: 'argument': conversion from 'int' to 'float', possible loss of data
C:\Users\branden\source\C++\SFMLAttempt3\SMFLAttempt3\Game.cpp(179,56): warning C4244: 'argument': conversion from 'int' to 'float', possible loss of data
C:\Users\branden\source\C++\SFMLAttempt3\SMFLAttempt3\Game.cpp(203,52): warning C4244: 'argument': conversion from 'T' to 'float', possible loss of data
          with
          [
              T=int
          ]
C:\Users\branden\source\C++\SFMLAttempt3\SMFLAttempt3\Game.cpp(203,40): warning C4244: 'argument': conversion from 'T' to 'float', possible loss of data
          with
          [
              T=int
          ]
C:\Users\branden\source\C++\SFMLAttempt3\SMFLAttempt3\Game.cpp(213,15): warning C4244: '=': conversion from 'float' to 'int', possible loss of data
C:\Users\branden\source\C++\SFMLAttempt3\SMFLAttempt3\Game.cpp(216,55): warning C4244: 'argument': conversion from 'T' to 'float', possible loss of data
          with
          [
              T=int
          ]
C:\Users\branden\source\C++\SFMLAttempt3\SMFLAttempt3\Game.cpp(216,43): warning C4244: 'argument': conversion from 'T' to 'float', possible loss of data
          with
          [
              T=int
          ]
C:\Users\branden\source\C++\SFMLAttempt3\SMFLAttempt3\Game.cpp(225,15): warning C4244: '=': conversion from 'float' to 'int', possible loss of data
C:\Users\branden\source\C++\SFMLAttempt3\SMFLAttempt3\Game.cpp(231,57): warning C4244: 'argument': conversion from 'T' to 'float', possible loss of data
          with
          [
              T=int
          ]
C:\Users\branden\source\C++\SFMLAttempt3\SMFLAttempt3\Game.cpp(231,45): warning C4244: 'argument': conversion from 'T' to 'float', possible loss of data
          with
          [
              T=int
          ]
C:\Users\branden\source\C++\SFMLAttempt3\SMFLAttempt3\Game.cpp(240,15): warning C4244: '=': conversion from 'float' to 'int', possible loss of data
C:\Users\branden\source\C++\SFMLAttempt3\SMFLAttempt3\Game.cpp(262,48): warning C4244: 'argument': conversion from 'T' to 'float', possible loss of data
          with
          [
              T=int
          ]
C:\Users\branden\source\C++\SFMLAttempt3\SMFLAttempt3\Game.cpp(262,36): warning C4244: 'argument': conversion from 'T' to 'float', possible loss of data
          with
          [
              T=int
          ]
C:\Users\branden\source\C++\SFMLAttempt3\SMFLAttempt3\Game.cpp(269,53): warning C4244: 'argument': conversion from 'T' to 'float', possible loss of data
          with
          [
              T=int
          ]
C:\Users\branden\source\C++\SFMLAttempt3\SMFLAttempt3\Game.cpp(269,41): warning C4244: 'argument': conversion from 'T' to 'float', possible loss of data
          with
          [
              T=int
          ]
C:\Users\branden\source\C++\SFMLAttempt3\SMFLAttempt3\Game.cpp(275,53): warning C4244: 'argument': conversion from 'T' to 'float', possible loss of data
          with
          [
              T=int
          ]
C:\Users\branden\source\C++\SFMLAttempt3\SMFLAttempt3\Game.cpp(275,41): warning C4244: 'argument': conversion from 'T' to 'float', possible loss of data
          with
          [
              T=int
          ]
C:\Users\branden\source\C++\SFMLAttempt3\SMFLAttempt3\Game.cpp(280,53): warning C4244: 'argument': conversion from 'T' to 'float', possible loss of data
          with
          [
              T=int
          ]
C:\Users\branden\source\C++\SFMLAttempt3\SMFLAttempt3\Game.cpp(280,41): warning C4244: 'argument': conversion from 'T' to 'float', possible loss of data
          with
          [
              T=int
          ]
C:\Users\branden\source\C++\SFMLAttempt3\SMFLAttempt3\Game.cpp(287,12): warning C4244: 'initializing': conversion from 'float' to 'int', possible loss of data
C:\Users\branden\source\C++\SFMLAttempt3\SMFLAttempt3\Game.cpp(288,12): warning C4244: 'initializing': conversion from 'float' to 'int', possible loss of data
C:\Users\branden\source\C++\SFMLAttempt3\SMFLAttempt3\Game.cpp(420,14): warning C4244: 'initializing': conversion from '_Ty' to 'float', possible loss of data
          with
          [
              _Ty=int
          ]
C:\Users\branden\source\C++\SFMLAttempt3\SMFLAttempt3\Game.cpp(423,37): warning C4244: 'argument': conversion from 'int' to 'float', possible loss of data
  GeneralGame.cpp
  GridClass.cpp
C:\Users\branden\source\C++\SFMLAttempt3\SMFLAttempt3\GridClass.cpp(78,18): warning C4244: 'initializing': conversion from 'int' to 'float', possible loss of data
C:\Users\branden\source\C++\SFMLAttempt3\SMFLAttempt3\GridClass.cpp(81,28): warning C4244: 'argument': conversion from 'float' to '_Ty', possible loss of data
          with
          [
              _Ty=int
          ]
C:\Users\branden\source\C++\SFMLAttempt3\SMFLAttempt3\GridClass.cpp(82,28): warning C4244: 'argument': conversion from 'float' to '_Ty', possible loss of data
          with
          [
              _Ty=int
          ]
C:\Users\branden\source\C++\SFMLAttempt3\SMFLAttempt3\GridClass.cpp(83,28): warning C4244: 'argument': conversion from 'float' to '_Ty', possible loss of data
          with
          [
              _Ty=int
          ]
  SimpleMode.cpp
  RadioButton.cpp
  RadioButtonGroup.cpp
  SFMLSOS.cpp
C:\Users\branden\source\C++\SFMLAttempt3\SMFLAttempt3\SFMLSOS.cpp(48,43): warning C4244: 'argument': conversion from 'float' to 'int', possible loss of data
C:\Users\branden\source\C++\SFMLAttempt3\SMFLAttempt3\SFMLSOS.cpp(48,33): warning C4244: 'argument': conversion from 'float' to 'int', possible loss of data
  test_main.cpp
  UIClass.cpp
  UI_Label.cpp
test_main.obj : error LNK2005: main already defined in SFMLSOS.obj
LINK : warning LNK4067: ambiguous entry point; selected 'mainCRTStartup'
C:\Users\branden\source\C++\SFMLAttempt3\SMFLAttempt3\x64\Release\SMFLAttempt3.exe : fatal error LNK1169: one or more multiply defined symbols found
